[11ty] Server at http://localhost:8083/
[11ty] Uncaught exception: (more in DEBUG output)
[11ty] ENOENT: no such file or directory, open 'E:\projects\BespokeAgency\public\assets\js\admin.js.map' (via Error)
[11ty] 
[11ty] Original error stack trace: Error: ENOENT: no such file or directory, open 'E:\projects\BespokeAgency\public\assets\js\admin.js.map'
[11ty] Uncaught exception: (more in DEBUG output)
[11ty] ENOENT: no such file or directory, open 'E:\projects\BespokeAgency\public\assets\js\admin.js' (via Error)
[11ty] 
[11ty] Original error stack trace: Error: ENOENT: no such file or directory, open 'E:\projects\BespokeAgency\public\assets\js\admin.js'
[11ty] Uncaught exception: (more in DEBUG output)
[11ty] ENOENT: no such file or directory, open 'E:\projects\BespokeAgency\public\assets\js\blaze-slider.dev.js.map' (via Error)
[11ty] 
[11ty] Original error stack trace: Error: ENOENT: no such file or directory, open 'E:\projects\BespokeAgency\public\assets\js\blaze-slider.dev.js.map'
[11ty] Uncaught exception: (more in DEBUG output)
[11ty] ENOENT: no such file or directory, open 'E:\projects\BespokeAgency\public\assets\js\blaze-slider.dev.js' (via Error)
[11ty] 
[11ty] Original error stack trace: Error: ENOENT: no such file or directory, open 'E:\projects\BespokeAgency\public\assets\js\blaze-slider.dev.js'
[11ty] Uncaught exception: (more in DEBUG output)
[11ty] ENOENT: no such file or directory, open 'E:\projects\BespokeAgency\public\assets\js\chatbot.js.map' (via Error)
[11ty] 
[11ty] Original error stack trace: Error: ENOENT: no such file or directory, open 'E:\projects\BespokeAgency\public\assets\js\chatbot.js.map'
[11ty] Uncaught exception: (more in DEBUG output)
[11ty] ENOENT: no such file or directory, open 'E:\projects\BespokeAgency\public\assets\js\chatbot.js' (via Error)
[11ty] 
[11ty] Original error stack trace: Error: ENOENT: no such file or directory, open 'E:\projects\BespokeAgency\public\assets\js\chatbot.js'
[11ty] Uncaught exception: (more in DEBUG output)
[11ty] ENOENT: no such file or directory, open 'E:\projects\BespokeAgency\public\assets\js\custom.js.map' (via Error)
[11ty] 
[11ty] Original error stack trace: Error: ENOENT: no such file or directory, open 'E:\projects\BespokeAgency\public\assets\js\custom.js.map'
[11ty] Uncaught exception: (more in DEBUG output)
[11ty] ENOENT: no such file or directory, open 'E:\projects\BespokeAgency\public\assets\js\custom.js' (via Error)
[11ty] 
[11ty] Original error stack trace: Error: ENOENT: no such file or directory, open 'E:\projects\BespokeAgency\public\assets\js\custom.js'
[11ty] Uncaught exception: (more in DEBUG output)
[11ty] ENOENT: no such file or directory, open 'E:\projects\BespokeAgency\public\assets\js\dark.js.map' (via Error)
[11ty] 
[11ty] Original error stack trace: Error: ENOENT: no such file or directory, open 'E:\projects\BespokeAgency\public\assets\js\dark.js.map'
[11ty] Uncaught exception: (more in DEBUG output)
[11ty] ENOENT: no such file or directory, open 'E:\projects\BespokeAgency\public\assets\js\dark.js' (via Error)
[11ty] 
[11ty] Original error stack trace: Error: ENOENT: no such file or directory, open 'E:\projects\BespokeAgency\public\assets\js\dark.js'
[11ty] Uncaught exception: (more in DEBUG output)
[11ty] ENOENT: no such file or directory, open 'E:\projects\BespokeAgency\public\assets\js\nav.js.map' (via Error)
[11ty] 
[11ty] Original error stack trace: Error: ENOENT: no such file or directory, open 'E:\projects\BespokeAgency\public\assets\js\nav.js.map'
[11ty] Uncaught exception: (more in DEBUG output)
[11ty] ENOENT: no such file or directory, open 'E:\projects\BespokeAgency\public\assets\js\nav.js' (via Error)
[11ty] 
[11ty] Original error stack trace: Error: ENOENT: no such file or directory, open 'E:\projects\BespokeAgency\public\assets\js\nav.js'
[11ty] Uncaught exception: (more in DEBUG output)
[11ty] ENOENT: no such file or directory, open 'E:\projects\BespokeAgency\public\assets\js\review.js.map' (via Error)
[11ty] 
[11ty] Original error stack trace: Error: ENOENT: no such file or directory, open 'E:\projects\BespokeAgency\public\assets\js\review.js.map'
[11ty] Uncaught exception: (more in DEBUG output)
[11ty] ENOENT: no such file or directory, open 'E:\projects\BespokeAgency\public\assets\js\review.js' (via Error)
[11ty] 
[11ty] Original error stack trace: Error: ENOENT: no such file or directory, open 'E:\projects\BespokeAgency\public\assets\js\review.js'
[11ty] Uncaught exception: (more in DEBUG output)
[11ty] ENOENT: no such file or directory, open 'E:\projects\BespokeAgency\public\assets\js\scroller.js.map' (via Error)
[11ty] 
[11ty] Original error stack trace: Error: ENOENT: no such file or directory, open 'E:\projects\BespokeAgency\public\assets\js\scroller.js.map'
[11ty] Uncaught exception: (more in DEBUG output)
[11ty] ENOENT: no such file or directory, open 'E:\projects\BespokeAgency\public\assets\js\scroller.js' (via Error)
[11ty] 
[11ty] Original error stack trace: Error: ENOENT: no such file or directory, open 'E:\projects\BespokeAgency\public\assets\js\scroller.js'
[11ty] Uncaught exception: (more in DEBUG output)
[11ty] ENOENT: no such file or directory, open 'E:\projects\BespokeAgency\public\assets\js\typing.js.map' (via Error)
[11ty] 
[11ty] Original error stack trace: Error: ENOENT: no such file or directory, open 'E:\projects\BespokeAgency\public\assets\js\typing.js.map'
[11ty] Uncaught exception: (more in DEBUG output)
[11ty] ENOENT: no such file or directory, open 'E:\projects\BespokeAgency\public\assets\js\typing.js' (via Error)
[11ty] 
[11ty] Original error stack trace: Error: ENOENT: no such file or directory, open 'E:\projects\BespokeAgency\public\assets\js\typing.js'
